[2019-07-03T11:57:26.860+0500][0.012s] Using Concurrent Mark Sweep
[2019-07-03T11:57:26.860+0500][0.012s] Heap address: 0x00000007e0000000, size: 512 MB, Compressed Oops mode: Zero based, Oop shift amount: 3
[2019-07-03T11:57:27.999+0500][1.150s] GC(0) Pause Young (Allocation Failure)
[2019-07-03T11:57:27.999+0500][1.151s] GC(0) Using 4 workers of 4 for evacuation
[2019-07-03T11:57:28.009+0500][1.161s] GC(0) ParNew: 87424K->10127K(109248K)
[2019-07-03T11:57:28.009+0500][1.161s] GC(0) CMS: 0K->0K(393216K)
[2019-07-03T11:57:28.009+0500][1.161s] GC(0) Metaspace: 22721K->22721K(1071104K)
[2019-07-03T11:57:28.009+0500][1.161s] GC(0) Pause Young (Allocation Failure) 85M->9M(490M) 10.546ms
[2019-07-03T11:57:28.009+0500][1.161s] GC(0) User=0.04s Sys=0.01s Real=0.01s
[2019-07-03T11:57:28.009+0500][1.161s] GC(1) Pause Initial Mark
[2019-07-03T11:57:28.011+0500][1.163s] GC(1) Pause Initial Mark 11M->11M(490M) 1.680ms
[2019-07-03T11:57:28.011+0500][1.163s] GC(1) User=0.00s Sys=0.00s Real=0.01s
[2019-07-03T11:57:28.011+0500][1.163s] GC(1) Concurrent Mark
[2019-07-03T11:57:28.011+0500][1.163s] GC(1) Using 4 workers of 4 for marking
[2019-07-03T11:57:28.012+0500][1.163s] GC(1) Concurrent Mark 0.319ms
[2019-07-03T11:57:28.012+0500][1.163s] GC(1) User=0.01s Sys=0.00s Real=0.00s
[2019-07-03T11:57:28.012+0500][1.164s] GC(1) Concurrent Preclean
[2019-07-03T11:57:28.013+0500][1.164s] GC(1) Concurrent Preclean 0.864ms
[2019-07-03T11:57:28.013+0500][1.164s] GC(1) User=0.00s Sys=0.00s Real=0.00s
[2019-07-03T11:57:28.013+0500][1.165s] GC(1) Pause Remark
[2019-07-03T11:57:28.013+0500][1.165s] GC(2) Pause Young (CMS Final Remark)
[2019-07-03T11:57:28.013+0500][1.165s] GC(2) Using 4 workers of 4 for evacuation
[2019-07-03T11:57:28.020+0500][1.172s] GC(2) ParNew: 11630K->11607K(109248K)
[2019-07-03T11:57:28.020+0500][1.172s] GC(2) CMS: 0K->0K(393216K)
[2019-07-03T11:57:28.020+0500][1.172s] GC(2) Metaspace: 22723K->22723K(1071104K)
[2019-07-03T11:57:28.020+0500][1.172s] GC(2) Pause Young (CMS Final Remark) 11M->11M(490M) 7.049ms
[2019-07-03T11:57:28.020+0500][1.172s] GC(2) User=0.02s Sys=0.00s Real=0.01s
[2019-07-03T11:57:28.025+0500][1.177s] GC(1) Pause Remark 11M->11M(490M) 11.848ms
[2019-07-03T11:57:28.025+0500][1.177s] GC(1) User=0.03s Sys=0.00s Real=0.01s
[2019-07-03T11:57:28.025+0500][1.177s] GC(1) Concurrent Sweep
[2019-07-03T11:57:28.025+0500][1.177s] GC(1) Concurrent Sweep 0.230ms
[2019-07-03T11:57:28.025+0500][1.177s] GC(1) User=0.00s Sys=0.01s Real=0.00s
[2019-07-03T11:57:28.026+0500][1.177s] GC(1) Concurrent Reset
[2019-07-03T11:57:28.030+0500][1.182s] GC(1) Concurrent Reset 4.383ms
[2019-07-03T11:57:28.030+0500][1.182s] GC(1) User=0.01s Sys=0.00s Real=0.01s
[2019-07-03T11:57:28.030+0500][1.182s] GC(1) Old: 0K->0K(393216K)
[2019-07-03T11:57:28.968+0500][2.120s] GC(3) Pause Young (Allocation Failure)
[2019-07-03T11:57:28.968+0500][2.120s] GC(3) Using 4 workers of 4 for evacuation
[2019-07-03T11:57:28.977+0500][2.129s] GC(3) ParNew: 99031K->17319K(109248K)
[2019-07-03T11:57:28.977+0500][2.129s] GC(3) CMS: 0K->0K(393216K)
[2019-07-03T11:57:28.977+0500][2.129s] GC(3) Metaspace: 32150K->32150K(1079296K)
[2019-07-03T11:57:28.977+0500][2.129s] GC(3) Pause Young (Allocation Failure) 96M->16M(490M) 9.116ms
[2019-07-03T11:57:28.977+0500][2.129s] GC(3) User=0.05s Sys=0.00s Real=0.01s
[2019-07-03T12:06:27.842+0500][540.978s] GC(4) Pause Young (Allocation Failure)
[2019-07-03T12:06:27.842+0500][540.978s] GC(4) Using 4 workers of 4 for evacuation
[2019-07-03T12:06:27.854+0500][540.989s] GC(4) ParNew: 104743K->21824K(109248K)
[2019-07-03T12:06:27.854+0500][540.989s] GC(4) CMS: 0K->0K(393216K)
[2019-07-03T12:06:27.854+0500][540.989s] GC(4) Metaspace: 38232K->38232K(1083392K)
[2019-07-03T12:06:27.854+0500][540.989s] GC(4) Pause Young (Allocation Failure) 102M->21M(490M) 11.557ms
[2019-07-03T12:06:27.854+0500][540.989s] GC(4) User=0.06s Sys=0.01s Real=0.01s
[2019-07-03T12:06:27.854+0500][540.990s] GC(5) Pause Initial Mark
[2019-07-03T12:06:27.857+0500][540.992s] GC(5) Pause Initial Mark 22M->22M(490M) 2.709ms
[2019-07-03T12:06:27.857+0500][540.992s] GC(5) User=0.01s Sys=0.00s Real=0.00s
[2019-07-03T12:06:27.857+0500][540.993s] GC(5) Concurrent Mark
[2019-07-03T12:06:27.857+0500][540.993s] GC(5) Using 4 workers of 4 for marking
[2019-07-03T12:06:27.860+0500][540.995s] GC(5) Concurrent Mark 2.577ms
[2019-07-03T12:06:27.860+0500][540.995s] GC(5) User=0.01s Sys=0.00s Real=0.01s
[2019-07-03T12:06:27.860+0500][540.995s] GC(5) Concurrent Preclean
[2019-07-03T12:06:27.860+0500][540.996s] GC(5) Concurrent Preclean 0.616ms
[2019-07-03T12:06:27.860+0500][540.996s] GC(5) User=0.00s Sys=0.00s Real=0.00s
[2019-07-03T12:06:27.860+0500][540.996s] GC(5) Pause Remark
[2019-07-03T12:06:27.860+0500][540.996s] GC(6) Pause Young (CMS Final Remark)
[2019-07-03T12:06:27.861+0500][540.996s] GC(6) Using 4 workers of 4 for evacuation
[2019-07-03T12:06:27.869+0500][541.004s] GC(6) ParNew: 22758K->21824K(109248K)
[2019-07-03T12:06:27.869+0500][541.004s] GC(6) CMS: 0K->44K(393216K)
[2019-07-03T12:06:27.869+0500][541.004s] GC(6) Metaspace: 38235K->38235K(1083392K)
[2019-07-03T12:06:27.869+0500][541.004s] GC(6) Pause Young (CMS Final Remark) 22M->21M(490M) 8.131ms
[2019-07-03T12:06:27.869+0500][541.004s] GC(6) User=0.03s Sys=0.00s Real=0.00s
[2019-07-03T12:06:27.878+0500][541.013s] GC(5) Pause Remark 22M->21M(490M) 17.359ms
[2019-07-03T12:06:27.878+0500][541.013s] GC(5) User=0.05s Sys=0.00s Real=0.01s
[2019-07-03T12:06:27.878+0500][541.013s] GC(5) Concurrent Sweep
[2019-07-03T12:06:27.878+0500][541.014s] GC(5) Concurrent Sweep 0.368ms
[2019-07-03T12:06:27.878+0500][541.014s] GC(5) User=0.00s Sys=0.00s Real=0.00s
[2019-07-03T12:06:27.878+0500][541.014s] GC(5) Concurrent Reset
[2019-07-03T12:06:27.879+0500][541.014s] GC(5) Concurrent Reset 0.404ms
[2019-07-03T12:06:27.879+0500][541.014s] GC(5) User=0.00s Sys=0.00s Real=0.00s
[2019-07-03T12:06:27.879+0500][541.014s] GC(5) Old: 0K->44K(393216K)
[2019-07-03T12:06:28.188+0500][541.323s] GC(7) Pause Young (Allocation Failure)
[2019-07-03T12:06:28.188+0500][541.323s] GC(7) Using 4 workers of 4 for evacuation
[2019-07-03T12:06:28.198+0500][541.334s] GC(7) ParNew: 109248K->21824K(109248K)
[2019-07-03T12:06:28.198+0500][541.334s] GC(7) CMS: 44K->1647K(393216K)
[2019-07-03T12:06:28.198+0500][541.334s] GC(7) Metaspace: 40500K->40500K(1085440K)
[2019-07-03T12:06:28.198+0500][541.334s] GC(7) Pause Young (Allocation Failure) 106M->22M(490M) 10.178ms
[2019-07-03T12:06:28.198+0500][541.334s] GC(7) User=0.05s Sys=0.00s Real=0.01s
[2019-07-03T12:06:28.736+0500][541.871s] GC(8) Pause Young (Allocation Failure)
[2019-07-03T12:06:28.736+0500][541.871s] GC(8) Using 4 workers of 4 for evacuation
[2019-07-03T12:06:28.748+0500][541.884s] GC(8) ParNew: 109248K->21824K(109248K)
[2019-07-03T12:06:28.748+0500][541.884s] GC(8) CMS: 1647K->4554K(393216K)
[2019-07-03T12:06:28.748+0500][541.884s] GC(8) Metaspace: 45258K->45258K(1091584K)
[2019-07-03T12:06:28.748+0500][541.884s] GC(8) Pause Young (Allocation Failure) 108M->25M(490M) 12.858ms
[2019-07-03T12:06:28.748+0500][541.884s] GC(8) User=0.08s Sys=0.00s Real=0.01s
[2019-07-03T12:09:29.196+0500][722.326s] GC(9) Pause Young (Allocation Failure)
[2019-07-03T12:09:29.196+0500][722.326s] GC(9) Using 4 workers of 4 for evacuation
[2019-07-03T12:09:29.208+0500][722.338s] GC(9) ParNew: 109237K->21824K(109248K)
[2019-07-03T12:09:29.208+0500][722.338s] GC(9) CMS: 4554K->6800K(393216K)
[2019-07-03T12:09:29.208+0500][722.338s] GC(9) Metaspace: 51121K->51121K(1095680K)
[2019-07-03T12:09:29.208+0500][722.338s] GC(9) Pause Young (Allocation Failure) 111M->27M(490M) 12.794ms
[2019-07-03T12:09:29.208+0500][722.338s] GC(9) User=0.05s Sys=0.00s Real=0.01s
[2019-07-03T12:58:21.963+0500][3655.005s] GC(10) Pause Young (Allocation Failure)
[2019-07-03T12:58:21.963+0500][3655.005s] GC(10) Using 4 workers of 4 for evacuation
[2019-07-03T12:58:21.979+0500][3655.021s] GC(10) ParNew: 109130K->18839K(109248K)
[2019-07-03T12:58:21.979+0500][3655.021s] GC(10) CMS: 6800K->12895K(393216K)
[2019-07-03T12:58:21.979+0500][3655.021s] GC(10) Metaspace: 53656K->53656K(1097728K)
[2019-07-03T12:58:21.979+0500][3655.021s] GC(10) Pause Young (Allocation Failure) 113M->30M(490M) 15.796ms
[2019-07-03T12:58:21.979+0500][3655.021s] GC(10) User=0.06s Sys=0.01s Real=0.01s
