[2019-07-03T11:54:05.658+0500][0.013s] Using Concurrent Mark Sweep
[2019-07-03T11:54:05.658+0500][0.013s] Heap address: 0x00000007e0000000, size: 512 MB, Compressed Oops mode: Zero based, Oop shift amount: 3
[2019-07-03T11:54:06.885+0500][1.241s] GC(0) Pause Young (Allocation Failure)
[2019-07-03T11:54:06.886+0500][1.241s] GC(0) Using 4 workers of 4 for evacuation
[2019-07-03T11:54:06.895+0500][1.251s] GC(0) ParNew: 87424K->10135K(109248K)
[2019-07-03T11:54:06.895+0500][1.251s] GC(0) CMS: 0K->0K(393216K)
[2019-07-03T11:54:06.895+0500][1.251s] GC(0) Metaspace: 22672K->22672K(1071104K)
[2019-07-03T11:54:06.895+0500][1.251s] GC(0) Pause Young (Allocation Failure) 85M->9M(490M) 10.003ms
[2019-07-03T11:54:06.895+0500][1.251s] GC(0) User=0.03s Sys=0.01s Real=0.01s
[2019-07-03T11:54:06.896+0500][1.251s] GC(1) Pause Initial Mark
[2019-07-03T11:54:06.897+0500][1.252s] GC(1) Pause Initial Mark 11M->11M(490M) 1.405ms
[2019-07-03T11:54:06.897+0500][1.252s] GC(1) User=0.01s Sys=0.00s Real=0.00s
[2019-07-03T11:54:06.897+0500][1.252s] GC(1) Concurrent Mark
[2019-07-03T11:54:06.897+0500][1.253s] GC(1) Using 4 workers of 4 for marking
[2019-07-03T11:54:06.898+0500][1.253s] GC(1) Concurrent Mark 0.339ms
[2019-07-03T11:54:06.898+0500][1.253s] GC(1) User=0.00s Sys=0.00s Real=0.00s
[2019-07-03T11:54:06.898+0500][1.253s] GC(1) Concurrent Preclean
[2019-07-03T11:54:06.898+0500][1.254s] GC(1) Concurrent Preclean 0.602ms
[2019-07-03T11:54:06.898+0500][1.254s] GC(1) User=0.00s Sys=0.00s Real=0.00s
[2019-07-03T11:54:06.899+0500][1.254s] GC(1) Pause Remark
[2019-07-03T11:54:06.899+0500][1.254s] GC(2) Pause Young (CMS Final Remark)
[2019-07-03T11:54:06.899+0500][1.254s] GC(2) Using 4 workers of 4 for evacuation
[2019-07-03T11:54:06.906+0500][1.261s] GC(2) ParNew: 11637K->12610K(109248K)
[2019-07-03T11:54:06.906+0500][1.261s] GC(2) CMS: 0K->0K(393216K)
[2019-07-03T11:54:06.906+0500][1.261s] GC(2) Metaspace: 22674K->22674K(1071104K)
[2019-07-03T11:54:06.906+0500][1.261s] GC(2) Pause Young (CMS Final Remark) 11M->12M(490M) 6.975ms
[2019-07-03T11:54:06.906+0500][1.261s] GC(2) User=0.02s Sys=0.01s Real=0.01s
[2019-07-03T11:54:06.910+0500][1.265s] GC(1) Pause Remark 11M->12M(490M) 11.657ms
[2019-07-03T11:54:06.910+0500][1.265s] GC(1) User=0.03s Sys=0.01s Real=0.02s
[2019-07-03T11:54:06.910+0500][1.266s] GC(1) Concurrent Sweep
[2019-07-03T11:54:06.911+0500][1.266s] GC(1) Concurrent Sweep 0.328ms
[2019-07-03T11:54:06.911+0500][1.266s] GC(1) User=0.00s Sys=0.00s Real=0.00s
[2019-07-03T11:54:06.911+0500][1.266s] GC(1) Concurrent Reset
[2019-07-03T11:54:06.916+0500][1.271s] GC(1) Concurrent Reset 4.625ms
[2019-07-03T11:54:06.916+0500][1.271s] GC(1) User=0.01s Sys=0.00s Real=0.00s
[2019-07-03T11:54:06.916+0500][1.271s] GC(1) Old: 0K->0K(393216K)
[2019-07-03T11:54:07.984+0500][2.340s] GC(3) Pause Young (Allocation Failure)
[2019-07-03T11:54:07.985+0500][2.340s] GC(3) Using 4 workers of 4 for evacuation
[2019-07-03T11:54:07.993+0500][2.348s] GC(3) ParNew: 100034K->19501K(109248K)
[2019-07-03T11:54:07.993+0500][2.348s] GC(3) CMS: 0K->0K(393216K)
[2019-07-03T11:54:07.993+0500][2.348s] GC(3) Metaspace: 31735K->31735K(1079296K)
[2019-07-03T11:54:07.993+0500][2.348s] GC(3) Pause Young (Allocation Failure) 97M->19M(490M) 8.491ms
[2019-07-03T11:54:07.993+0500][2.348s] GC(3) User=0.03s Sys=0.00s Real=0.01s
[2019-07-03T11:57:06.064+0500][180.414s] Heap
[2019-07-03T11:57:06.064+0500][180.414s]  par new generation   total 109248K, used 57099K [0x00000007e0000000, 0x00000007e8000000, 0x00000007e8000000)
[2019-07-03T11:57:06.064+0500][180.414s]   eden space 87424K,  43% used [0x00000007e0000000, 0x00000007e24b7718, 0x00000007e5560000)
[2019-07-03T11:57:06.064+0500][180.414s]   from space 21824K,  89% used [0x00000007e6ab0000, 0x00000007e7dbb618, 0x00000007e8000000)
[2019-07-03T11:57:06.064+0500][180.414s]   to   space 21824K,   0% used [0x00000007e5560000, 0x00000007e5560000, 0x00000007e6ab0000)
[2019-07-03T11:57:06.064+0500][180.414s]  concurrent mark-sweep generation total 393216K, used 0K [0x00000007e8000000, 0x0000000800000000, 0x0000000800000000)
[2019-07-03T11:57:06.064+0500][180.414s]  Metaspace       used 35586K, capacity 36484K, committed 36856K, reserved 1081344K
[2019-07-03T11:57:06.064+0500][180.414s]   class space    used 3995K, capacity 4342K, committed 4428K, reserved 1048576K
